
> appzeto-frontend@1.0.0 build
> node node_modules/vite/bin/vite.js build

[36mvite v5.4.21 [32mbuilding for production...[36m[39m
transforming...
node.exe : src/shared/components/SearchBar.jsx (6:9): "getAllProducts" is not exported by 
"src/data/products.js", imported by "src/shared/components/SearchBar.jsx".
At line:1 char:1
+ & "C:\Program Files\nodejs/node.exe" "C:\Users\harsh\AppData\Roaming\ ...
+ ~~~~~~~~~~~~~~~~~~~~~~~~~~~~~~~~~~~~~~~~~~~~~~~~~~~~~~~~~~~~~~~~~~~~~
    + CategoryInfo          : NotSpecified: (src/shared/comp...SearchBar.jsx".:String) [], 
Remot    eException
    + FullyQualifiedErrorId : NativeCommandError
 
[32mΓ£ô[39m 3036 modules transformed.
rendering chunks...
computing gzip size...
[2mdist/[22m[32mindex.html                 [39m[1m[2m    0.49 kB[22m[1m[22m[2m Γöé gzip:   0.32 kB[22m
[2mdist/[22m[35massets/index-DV1CCArf.css  [39m[1m[2m   99.23 kB[22m[1m[22m[2m Γöé gzip:  15.04 kB[22m
[2mdist/[22m[36massets/index-D5i_tDKm.js   [39m[1m[33m2,948.58 kB[39m[22m[2m Γöé gzip: 602.27 kB[22m
[33m
(!) Some chunks are larger than 500 kB after minification. Consider:
- Using dynamic import() to code-split the application
- Use build.rollupOptions.output.manualChunks to improve chunking: 
https://rollupjs.org/configuration-options/#output-manualchunks
- Adjust chunk size limit for this warning via build.chunkSizeWarningLimit.[39m
[32mΓ£ô built in 13.29s[39m
